// Jest Snapshot v1, https://goo.gl/fbAQLP

exports[`generateElmModuleForStyles matches the snapshot 1`] = `
"module EmailInput.Styles exposing (Styles)

-- This is auto generated by Webpack
-- whenever email_input.scss is edited
-- you do not want to edit this by hand

type alias Styles = {
  inputField: String, formHeading: String
}
  "
`;
